// Vitest Snapshot v1, https://vitest.dev/guide/snapshot.html

exports[`marketsInfoData2IndexTokenStatsMap > matches snapshot 1`] = `
{
  "indexMap": {
    "0x1FF7F3EFBb9481Cbd7db4F932cBCD4467144237C": {
      "__TEST__tokenAddress": "0x1FF7F3EFBb9481Cbd7db4F932cBCD4467144237C",
      "__TEST__tokenSymbol": "NEAR",
      "bestNetFeeLong": "-6.0584E25",
      "bestNetFeeLongMarketAddress": "0x63Dc80EE90F26363B3FCD609007CC9e14c8991BE",
      "bestNetFeeShort": "3.1201E25",
      "bestNetFeeShortMarketAddress": "0x63Dc80EE90F26363B3FCD609007CC9e14c8991BE",
      "marketsStats": [
        {
          "__TEST__marketName": "NEAR/USD [WETH-USDC]",
          "__TEST__marketTokenAddress": "0x63Dc80EE90F26363B3FCD609007CC9e14c8991BE",
          "maxLiquidity": "7.4146E35",
          "netFeeLong": "-6.0584E25",
          "netFeeShort": "3.1201E25",
          "poolValueUsd": "7.9284E35",
          "usedLiquidity": "2.3713E35",
          "utilization": "3.198E3",
        },
      ],
      "maxUiAllowedLeverage": 50,
      "price": "5.2275E30",
      "totalMaxLiquidity": "7.4146E35",
      "totalOpenInterestLong": "1.2495E35",
      "totalOpenInterestShort": "1.1353E35",
      "totalPoolValue": "7.9284E35",
      "totalUsedLiquidity": "2.3713E35",
      "totalUtilization": "3.198E3",
    },
    "0x2bcC6D6CdBbDC0a4071e48bb3B969b06B3330c07": {
      "__TEST__tokenAddress": "0x2bcC6D6CdBbDC0a4071e48bb3B969b06B3330c07",
      "__TEST__tokenSymbol": "SOL",
      "bestNetFeeLong": "-2.7477E25",
      "bestNetFeeLongMarketAddress": "0x09400D9DB990D5ed3f35D7be61DfAEB900Af03C9",
      "bestNetFeeShort": "-4.97E24",
      "bestNetFeeShortMarketAddress": "0x09400D9DB990D5ed3f35D7be61DfAEB900Af03C9",
      "marketsStats": [
        {
          "__TEST__marketName": "SOL/USD [SOL-USDC]",
          "__TEST__marketTokenAddress": "0x09400D9DB990D5ed3f35D7be61DfAEB900Af03C9",
          "maxLiquidity": "2.6904E37",
          "netFeeLong": "-2.7477E25",
          "netFeeShort": "-4.97E24",
          "poolValueUsd": "1.7955E37",
          "usedLiquidity": "1.2778E37",
          "utilization": "4.749E3",
        },
      ],
      "maxUiAllowedLeverage": 50,
      "price": "1.3407E32",
      "totalMaxLiquidity": "2.6904E37",
      "totalOpenInterestLong": "6.5449E36",
      "totalOpenInterestShort": "6.2274E36",
      "totalPoolValue": "1.7955E37",
      "totalUsedLiquidity": "1.2778E37",
      "totalUtilization": "4.749E3",
    },
    "0x47904963fc8b2340414262125aF798B9655E58Cd": {
      "__TEST__tokenAddress": "0x47904963fc8b2340414262125aF798B9655E58Cd",
      "__TEST__tokenSymbol": "BTC",
      "bestNetFeeLong": "1.7603E25",
      "bestNetFeeLongMarketAddress": "0x7C11F78Ce78768518D743E81Fdfa2F860C6b9A77",
      "bestNetFeeShort": "2.6576E25",
      "bestNetFeeShortMarketAddress": "0x47c031236e19d024b42f8AE6780E44A573170703",
      "marketsStats": [
        {
          "__TEST__marketName": "BTC/USD [BTC-USDC]",
          "__TEST__marketTokenAddress": "0x47c031236e19d024b42f8AE6780E44A573170703",
          "maxLiquidity": "1.3531E38",
          "netFeeLong": "-4.0295E25",
          "netFeeShort": "2.6576E25",
          "poolValueUsd": "1.1341E38",
          "usedLiquidity": "6.0438E37",
          "utilization": "4.466E3",
        },
        {
          "__TEST__marketName": "BTC/USD [BTC]",
          "__TEST__marketTokenAddress": "0x7C11F78Ce78768518D743E81Fdfa2F860C6b9A77",
          "maxLiquidity": "2.0332E36",
          "netFeeLong": "1.7603E25",
          "netFeeShort": "-3.1195E25",
          "poolValueUsd": "5.8066E36",
          "usedLiquidity": "1.5438E35",
          "utilization": "7.59E2",
        },
      ],
      "maxUiAllowedLeverage": 50,
      "price": "6.3023E34",
      "totalMaxLiquidity": "1.3734E38",
      "totalOpenInterestLong": "3.5165E37",
      "totalOpenInterestShort": "2.6636E37",
      "totalPoolValue": "1.1922E38",
      "totalUsedLiquidity": "6.0592E37",
      "totalUtilization": "4.411E3",
    },
    "0x565609fAF65B92F7be02468acF86f8979423e514": {
      "__TEST__tokenAddress": "0x565609fAF65B92F7be02468acF86f8979423e514",
      "__TEST__tokenSymbol": "AVAX",
      "bestNetFeeLong": "4.1388E25",
      "bestNetFeeLongMarketAddress": "0x7BbBf946883a5701350007320F525c5379B8178A",
      "bestNetFeeShort": "-7.2847E25",
      "bestNetFeeShortMarketAddress": "0x7BbBf946883a5701350007320F525c5379B8178A",
      "marketsStats": [
        {
          "__TEST__marketName": "AVAX/USD [AVAX-USDC]",
          "__TEST__marketTokenAddress": "0x7BbBf946883a5701350007320F525c5379B8178A",
          "maxLiquidity": "1.7024E36",
          "netFeeLong": "4.1388E25",
          "netFeeShort": "-7.2847E25",
          "poolValueUsd": "1.6573E36",
          "usedLiquidity": "5.5191E35",
          "utilization": "3.241E3",
        },
      ],
      "maxUiAllowedLeverage": 50,
      "price": "3.4464E31",
      "totalMaxLiquidity": "1.7024E36",
      "totalOpenInterestLong": "2.7514E35",
      "totalOpenInterestShort": "2.7544E35",
      "totalPoolValue": "1.6573E36",
      "totalUsedLiquidity": "5.5191E35",
      "totalUtilization": "3.241E3",
    },
    "0x7D7F1765aCbaF847b9A1f7137FE8Ed4931FbfEbA": {
      "__TEST__tokenAddress": "0x7D7F1765aCbaF847b9A1f7137FE8Ed4931FbfEbA",
      "__TEST__tokenSymbol": "ATOM",
      "bestNetFeeLong": "-7.8857E25",
      "bestNetFeeLongMarketAddress": "0x248C35760068cE009a13076D573ed3497A47bCD4",
      "bestNetFeeShort": "5.4505E25",
      "bestNetFeeShortMarketAddress": "0x248C35760068cE009a13076D573ed3497A47bCD4",
      "marketsStats": [
        {
          "__TEST__marketName": "ATOM/USD [WETH-USDC]",
          "__TEST__marketTokenAddress": "0x248C35760068cE009a13076D573ed3497A47bCD4",
          "maxLiquidity": "7.9345E35",
          "netFeeLong": "-7.8857E25",
          "netFeeShort": "5.4505E25",
          "poolValueUsd": "9.1757E35",
          "usedLiquidity": "3.6894E35",
          "utilization": "4.649E3",
        },
      ],
      "maxUiAllowedLeverage": 50,
      "price": "8.061E30",
      "totalMaxLiquidity": "7.9345E35",
      "totalOpenInterestLong": "2.2993E35",
      "totalOpenInterestShort": "2.278E35",
      "totalPoolValue": "9.1757E35",
      "totalUsedLiquidity": "3.6894E35",
      "totalUtilization": "4.649E3",
    },
    "0x82aF49447D8a07e3bd95BD0d56f35241523fBab1": {
      "__TEST__tokenAddress": "0x0000000000000000000000000000000000000000",
      "__TEST__tokenSymbol": "ETH",
      "bestNetFeeLong": "-1.3598E25",
      "bestNetFeeLongMarketAddress": "0x450bb6774Dd8a756274E0ab4107953259d2ac541",
      "bestNetFeeShort": "2.1492E25",
      "bestNetFeeShortMarketAddress": "0x70d95587d40A2caf56bd97485aB3Eec10Bee6336",
      "marketsStats": [
        {
          "__TEST__marketName": "ETH/USD [WETH-USDC]",
          "__TEST__marketTokenAddress": "0x70d95587d40A2caf56bd97485aB3Eec10Bee6336",
          "maxLiquidity": "1.2456E38",
          "netFeeLong": "-3.5066E25",
          "netFeeShort": "2.1492E25",
          "poolValueUsd": "9.2061E37",
          "usedLiquidity": "4.8337E37",
          "utilization": "3.88E3",
        },
        {
          "__TEST__marketName": "ETH/USD [WETH]",
          "__TEST__marketTokenAddress": "0x450bb6774Dd8a756274E0ab4107953259d2ac541",
          "maxLiquidity": "1.0523E36",
          "netFeeLong": "-1.3598E25",
          "netFeeShort": "1.5881E25",
          "poolValueUsd": "3.004E36",
          "usedLiquidity": "5.0632E34",
          "utilization": "4.81E2",
        },
      ],
      "maxUiAllowedLeverage": 50,
      "price": "3.0857E33",
      "totalMaxLiquidity": "1.2561E38",
      "totalOpenInterestLong": "2.6646E37",
      "totalOpenInterestShort": "2.1827E37",
      "totalPoolValue": "9.5065E37",
      "totalUsedLiquidity": "4.8388E37",
      "totalUtilization": "3.852E3",
    },
    "0x912CE59144191C1204E64559FE8253a0e49E6548": {
      "__TEST__tokenAddress": "0x912CE59144191C1204E64559FE8253a0e49E6548",
      "__TEST__tokenSymbol": "ARB",
      "bestNetFeeLong": "-9.3331E24",
      "bestNetFeeLongMarketAddress": "0xC25cEf6061Cf5dE5eb761b50E4743c1F5D7E5407",
      "bestNetFeeShort": "-2.873E24",
      "bestNetFeeShortMarketAddress": "0xC25cEf6061Cf5dE5eb761b50E4743c1F5D7E5407",
      "marketsStats": [
        {
          "__TEST__marketName": "ARB/USD [ARB-USDC]",
          "__TEST__marketTokenAddress": "0xC25cEf6061Cf5dE5eb761b50E4743c1F5D7E5407",
          "maxLiquidity": "1.0331E37",
          "netFeeLong": "-9.3331E24",
          "netFeeShort": "-2.873E24",
          "poolValueUsd": "8.1069E36",
          "usedLiquidity": "3.5364E36",
          "utilization": "3.423E3",
        },
      ],
      "maxUiAllowedLeverage": 50,
      "price": "1.1287E30",
      "totalMaxLiquidity": "1.0331E37",
      "totalOpenInterestLong": "1.7873E36",
      "totalOpenInterestShort": "1.7792E36",
      "totalPoolValue": "8.1069E36",
      "totalUsedLiquidity": "3.5364E36",
      "totalUtilization": "3.423E3",
    },
    "0xB46A094Bc4B0adBD801E14b9DB95e05E28962764": {
      "__TEST__tokenAddress": "0xB46A094Bc4B0adBD801E14b9DB95e05E28962764",
      "__TEST__tokenSymbol": "LTC",
      "bestNetFeeLong": "-1.2733E26",
      "bestNetFeeLongMarketAddress": "0xD9535bB5f58A1a75032416F2dFe7880C30575a41",
      "bestNetFeeShort": "5.9865E25",
      "bestNetFeeShortMarketAddress": "0xD9535bB5f58A1a75032416F2dFe7880C30575a41",
      "marketsStats": [
        {
          "__TEST__marketName": "LTC/USD [WETH-USDC]",
          "__TEST__marketTokenAddress": "0xD9535bB5f58A1a75032416F2dFe7880C30575a41",
          "maxLiquidity": "1.0573E36",
          "netFeeLong": "-1.2733E26",
          "netFeeShort": "5.9865E25",
          "poolValueUsd": "1.1947E36",
          "usedLiquidity": "1.0384E36",
          "utilization": "9.82E3",
        },
      ],
      "maxUiAllowedLeverage": 50,
      "price": "7.8798E31",
      "totalMaxLiquidity": "1.0573E36",
      "totalOpenInterestLong": "5.8665E35",
      "totalOpenInterestShort": "5.2918E35",
      "totalPoolValue": "1.1947E36",
      "totalUsedLiquidity": "1.0384E36",
      "totalUtilization": "9.82E3",
    },
    "0xC4da4c24fd591125c3F47b340b6f4f76111883d8": {
      "__TEST__tokenAddress": "0xC4da4c24fd591125c3F47b340b6f4f76111883d8",
      "__TEST__tokenSymbol": "DOGE",
      "bestNetFeeLong": "-5.3047E25",
      "bestNetFeeLongMarketAddress": "0x6853EA96FF216fAb11D2d930CE3C508556A4bdc4",
      "bestNetFeeShort": "1.3136E25",
      "bestNetFeeShortMarketAddress": "0x6853EA96FF216fAb11D2d930CE3C508556A4bdc4",
      "marketsStats": [
        {
          "__TEST__marketName": "DOGE/USD [WETH-USDC]",
          "__TEST__marketTokenAddress": "0x6853EA96FF216fAb11D2d930CE3C508556A4bdc4",
          "maxLiquidity": "6.0239E36",
          "netFeeLong": "-5.3047E25",
          "netFeeShort": "1.3136E25",
          "poolValueUsd": "4.7129E36",
          "usedLiquidity": "2.455E36",
          "utilization": "4.075E3",
        },
      ],
      "maxUiAllowedLeverage": 50,
      "price": "1.5346E29",
      "totalMaxLiquidity": "6.0239E36",
      "totalOpenInterestLong": "1.177E36",
      "totalOpenInterestShort": "1.1632E36",
      "totalPoolValue": "4.7129E36",
      "totalUsedLiquidity": "2.455E36",
      "totalUtilization": "4.075E3",
    },
    "0xFa7F8980b0f1E64A2062791cc3b0871572f1F7f0": {
      "__TEST__tokenAddress": "0xFa7F8980b0f1E64A2062791cc3b0871572f1F7f0",
      "__TEST__tokenSymbol": "UNI",
      "bestNetFeeLong": "9.3845E24",
      "bestNetFeeLongMarketAddress": "0xc7Abb2C5f3BF3CEB389dF0Eecd6120D451170B50",
      "bestNetFeeShort": "-2.3641E25",
      "bestNetFeeShortMarketAddress": "0xc7Abb2C5f3BF3CEB389dF0Eecd6120D451170B50",
      "marketsStats": [
        {
          "__TEST__marketName": "UNI/USD [UNI-USDC]",
          "__TEST__marketTokenAddress": "0xc7Abb2C5f3BF3CEB389dF0Eecd6120D451170B50",
          "maxLiquidity": "1.5236E36",
          "netFeeLong": "9.3845E24",
          "netFeeShort": "-2.3641E25",
          "poolValueUsd": "1.4836E36",
          "usedLiquidity": "2.7939E35",
          "utilization": "1.833E3",
        },
      ],
      "maxUiAllowedLeverage": 50,
      "price": "7.1754E30",
      "totalMaxLiquidity": "1.5236E36",
      "totalOpenInterestLong": "1.472E35",
      "totalOpenInterestShort": "1.3367E35",
      "totalPoolValue": "1.4836E36",
      "totalUsedLiquidity": "2.7939E35",
      "totalUtilization": "1.833E3",
    },
    "0xa9004A5421372E1D83fB1f85b0fc986c912f91f3": {
      "__TEST__tokenAddress": "0xa9004A5421372E1D83fB1f85b0fc986c912f91f3",
      "__TEST__tokenSymbol": "BNB",
      "bestNetFeeLong": "7.739E25",
      "bestNetFeeLongMarketAddress": "0x2d340912Aa47e33c90Efb078e69E70EFe2B34b9B",
      "bestNetFeeShort": "-9.5734E25",
      "bestNetFeeShortMarketAddress": "0x2d340912Aa47e33c90Efb078e69E70EFe2B34b9B",
      "marketsStats": [
        {
          "__TEST__marketName": "BNB/USD [BNB-USDC]",
          "__TEST__marketTokenAddress": "0x2d340912Aa47e33c90Efb078e69E70EFe2B34b9B",
          "maxLiquidity": "1.4422E36",
          "netFeeLong": "7.739E25",
          "netFeeShort": "-9.5734E25",
          "poolValueUsd": "1.371E36",
          "usedLiquidity": "7.9076E35",
          "utilization": "5.482E3",
        },
      ],
      "maxUiAllowedLeverage": 50,
      "price": "5.3871E32",
      "totalMaxLiquidity": "1.4422E36",
      "totalOpenInterestLong": "3.2448E35",
      "totalOpenInterestShort": "4.6503E35",
      "totalPoolValue": "1.371E36",
      "totalUsedLiquidity": "7.9076E35",
      "totalUtilization": "5.482E3",
    },
    "0xaC800FD6159c2a2CB8fC31EF74621eB430287a5A": {
      "__TEST__tokenAddress": "0xaC800FD6159c2a2CB8fC31EF74621eB430287a5A",
      "__TEST__tokenSymbol": "OP",
      "bestNetFeeLong": "-2.8003E25",
      "bestNetFeeLongMarketAddress": "0x4fDd333FF9cA409df583f306B6F5a7fFdE790739",
      "bestNetFeeShort": "-1.3899E25",
      "bestNetFeeShortMarketAddress": "0x4fDd333FF9cA409df583f306B6F5a7fFdE790739",
      "marketsStats": [
        {
          "__TEST__marketName": "OP/USD [OP-USDC]",
          "__TEST__marketTokenAddress": "0x4fDd333FF9cA409df583f306B6F5a7fFdE790739",
          "maxLiquidity": "7.0781E35",
          "netFeeLong": "-2.8003E25",
          "netFeeShort": "-1.3899E25",
          "poolValueUsd": "6.7077E35",
          "usedLiquidity": "3.9974E35",
          "utilization": "5.647E3",
        },
      ],
      "maxUiAllowedLeverage": 50,
      "price": "2.1811E30",
      "totalMaxLiquidity": "7.0781E35",
      "totalOpenInterestLong": "2.1067E35",
      "totalOpenInterestShort": "2.1521E35",
      "totalPoolValue": "6.7077E35",
      "totalUsedLiquidity": "3.9974E35",
      "totalUtilization": "5.647E3",
    },
    "0xba5DdD1f9d7F570dc94a51479a000E3BCE967196": {
      "__TEST__tokenAddress": "0xba5DdD1f9d7F570dc94a51479a000E3BCE967196",
      "__TEST__tokenSymbol": "AAVE",
      "bestNetFeeLong": "4.2341E25",
      "bestNetFeeLongMarketAddress": "0x1CbBa6346F110c8A5ea739ef2d1eb182990e4EB2",
      "bestNetFeeShort": "-5.258E25",
      "bestNetFeeShortMarketAddress": "0x1CbBa6346F110c8A5ea739ef2d1eb182990e4EB2",
      "marketsStats": [
        {
          "__TEST__marketName": "AAVE/USD [AAVE-USDC]",
          "__TEST__marketTokenAddress": "0x1CbBa6346F110c8A5ea739ef2d1eb182990e4EB2",
          "maxLiquidity": "1.0685E36",
          "netFeeLong": "4.2341E25",
          "netFeeShort": "-5.258E25",
          "poolValueUsd": "1.05E36",
          "usedLiquidity": "1.283E35",
          "utilization": "1.2E3",
        },
      ],
      "maxUiAllowedLeverage": 50,
      "price": "8.449E31",
      "totalMaxLiquidity": "1.0685E36",
      "totalOpenInterestLong": "6.7443E34",
      "totalOpenInterestShort": "6.5249E34",
      "totalPoolValue": "1.05E36",
      "totalUsedLiquidity": "1.283E35",
      "totalUtilization": "1.2E3",
    },
    "0xc14e065b0067dE91534e032868f5Ac6ecf2c6868": {
      "__TEST__tokenAddress": "0xc14e065b0067dE91534e032868f5Ac6ecf2c6868",
      "__TEST__tokenSymbol": "XRP",
      "bestNetFeeLong": "-6.0629E25",
      "bestNetFeeLongMarketAddress": "0x0CCB4fAa6f1F1B30911619f1184082aB4E25813c",
      "bestNetFeeShort": "4.7103E25",
      "bestNetFeeShortMarketAddress": "0x0CCB4fAa6f1F1B30911619f1184082aB4E25813c",
      "marketsStats": [
        {
          "__TEST__marketName": "XRP/USD [WETH-USDC]",
          "__TEST__marketTokenAddress": "0x0CCB4fAa6f1F1B30911619f1184082aB4E25813c",
          "maxLiquidity": "2.8371E36",
          "netFeeLong": "-6.0629E25",
          "netFeeShort": "4.7103E25",
          "poolValueUsd": "2.3367E36",
          "usedLiquidity": "7.283E35",
          "utilization": "2.567E3",
        },
      ],
      "maxUiAllowedLeverage": 50,
      "price": "4.888E29",
      "totalMaxLiquidity": "2.8371E36",
      "totalOpenInterestLong": "3.9084E35",
      "totalOpenInterestShort": "3.832E35",
      "totalPoolValue": "2.3367E36",
      "totalUsedLiquidity": "7.283E35",
      "totalUtilization": "2.567E3",
    },
    "0xf97f4df75117a78c1A5a0DBb814Af92458539FB4": {
      "__TEST__tokenAddress": "0xf97f4df75117a78c1A5a0DBb814Af92458539FB4",
      "__TEST__tokenSymbol": "LINK",
      "bestNetFeeLong": "-2.0809E25",
      "bestNetFeeLongMarketAddress": "0x7f1fa204bb700853D36994DA19F830b6Ad18455C",
      "bestNetFeeShort": "-1.3675E25",
      "bestNetFeeShortMarketAddress": "0x7f1fa204bb700853D36994DA19F830b6Ad18455C",
      "marketsStats": [
        {
          "__TEST__marketName": "LINK/USD [LINK-USDC]",
          "__TEST__marketTokenAddress": "0x7f1fa204bb700853D36994DA19F830b6Ad18455C",
          "maxLiquidity": "6.6865E36",
          "netFeeLong": "-2.0809E25",
          "netFeeShort": "-1.3675E25",
          "poolValueUsd": "5.3579E36",
          "usedLiquidity": "3.7229E36",
          "utilization": "5.567E3",
        },
      ],
      "maxUiAllowedLeverage": 50,
      "price": "1.3319E31",
      "totalMaxLiquidity": "6.6865E36",
      "totalOpenInterestLong": "1.8816E36",
      "totalOpenInterestShort": "1.9424E36",
      "totalPoolValue": "5.3579E36",
      "totalUsedLiquidity": "3.7229E36",
      "totalUtilization": "5.567E3",
    },
  },
  "sortedByTotalPoolValue": [
    "0x47904963fc8b2340414262125aF798B9655E58Cd",
    "0x82aF49447D8a07e3bd95BD0d56f35241523fBab1",
    "0x2bcC6D6CdBbDC0a4071e48bb3B969b06B3330c07",
    "0x912CE59144191C1204E64559FE8253a0e49E6548",
    "0xf97f4df75117a78c1A5a0DBb814Af92458539FB4",
    "0xC4da4c24fd591125c3F47b340b6f4f76111883d8",
    "0xc14e065b0067dE91534e032868f5Ac6ecf2c6868",
    "0x565609fAF65B92F7be02468acF86f8979423e514",
    "0xFa7F8980b0f1E64A2062791cc3b0871572f1F7f0",
    "0xa9004A5421372E1D83fB1f85b0fc986c912f91f3",
    "0xB46A094Bc4B0adBD801E14b9DB95e05E28962764",
    "0xba5DdD1f9d7F570dc94a51479a000E3BCE967196",
    "0x7D7F1765aCbaF847b9A1f7137FE8Ed4931FbfEbA",
    "0x1FF7F3EFBb9481Cbd7db4F932cBCD4467144237C",
    "0xaC800FD6159c2a2CB8fC31EF74621eB430287a5A",
  ],
}
`;
